// Jest Snapshot v1, https://goo.gl/fbAQLP

exports[`FollowButton should match snapshot. 1`] = `
<div
  aria-label="Filter up"
  className="rt-filter-button"
  onClick={[Function]}
  onKeyPress={[Function]}
  role="button"
  tabIndex={0}
  title="Filter up"
>
  <img
    alt="data:image/png;base64,iVBORw0KGgoAAAANSUhEUgAAAB4AAAAeCAYAAAA7MK6iAAAABmJLR0QA/wD/AP+gvaeTAAAACXBIWXMAAA3XAAAN1wFCKJt4AAAAB3RJTUUH4wkNCxMMx3KbeAAAA1BJREFUSMe9l89LY1cUxz/nKb4nBtsi0kUQgoN1I80iC20mIDFka5CSFIr0LyjtYBeSAaevLYNhyqTQgfYfENoxNiKILsRiFmojuquUghPEttSpaDvFNC8/72ziVNL8tKPf5b3n3sM573y/73uFJjA/P9+WSqVuAwHADfQDr5W3/wRSIrIpIksOh2MrFAoVG90p9Taj0WhnLpf7EJgCemkOfwAPOzo6Hk1NTWVaThyJREJAFLBzBYjIL8DU9PT0QrX9tsoFpZQYhmGKyCOgm6vjFSDo9/s7PR7P9xsbG6pmxaZpaoZhfAOEeIkQkceZTOZd0zRLF2va5QDDMO6/7KTlLr6j6/qnVSsuf9PHXB+UUioYDoe/e5E4Go125vP5n5VSfVwvfrMs6w3TNP9pB8jn83eqJZ2cnKSrq+tKGdLpNHNzc5XLdsMw3gceSFkcfq/GU7fbjcvlIhaLYVlWUwkNwyAYDLK7u8v29na1kKf9/f329sPDQ08tcdja2qKnp4fR0VFisRilUqnR9OL3+zk6OqqVFOD1VCr1llYqlQL1LltdXUXXdbxeb8NqfT4fuq6zvLzcKDSglbW3JgqFAvF4nMHBQZxOZ824oaEhBgYGWFxcpFhsKNVurSz4dXF+fk48Hsfr9dLX99/Bt9vtjI2NsbCwQDqdbmYUbmllaWuI4+Nj1tbWCAQCdHf/q6Q2m43x8XFWVlY4OTlpduhfbW+FIvv7+/T29jIxMUEymQRgeHiYvb09Dg4OWqKbBjxr5UAikUDXdZxOJy6Xi0KhwM7OTqs0/0sDnrSoe2SzWRKJBMlksml+V9DuQBORTW4YSqlNTUSWuHksaQ6HY6tsV24KTy3L+kErG7OHN9jmz03TLGkAlmV9CRy1coHNZrvKn+tXXde/euFATNO0ROQjQDVz+vT0FJ/Px8jICGdnZ60YgQ8unKdUOMv7wN1ravFn4XD4XlXPZVnWjIhch/35NpvNmnV9tVJKIpHIxyJyr5Hhb6ZQEXmQyWTuXnaYdQ397Ozs25qmffE/fNiRUupOOBxebMrQX2B9ff0nj8fzdVtb298i8iZga5anwCeWZb03MzPz45XeThVG333p0Xar4tH2REQ2i8XiUi6X265sazU8B1E/Rl5/HEzFAAAAAElFTkSuQmCC"
    src="data:image/png;base64,iVBORw0KGgoAAAANSUhEUgAAAB4AAAAeCAYAAAA7MK6iAAAABmJLR0QA/wD/AP+gvaeTAAAACXBIWXMAAA3XAAAN1wFCKJt4AAAAB3RJTUUH4wkNCxMMx3KbeAAAA1BJREFUSMe9l89LY1cUxz/nKb4nBtsi0kUQgoN1I80iC20mIDFka5CSFIr0LyjtYBeSAaevLYNhyqTQgfYfENoxNiKILsRiFmojuquUghPEttSpaDvFNC8/72ziVNL8tKPf5b3n3sM573y/73uFJjA/P9+WSqVuAwHADfQDr5W3/wRSIrIpIksOh2MrFAoVG90p9Taj0WhnLpf7EJgCemkOfwAPOzo6Hk1NTWVaThyJREJAFLBzBYjIL8DU9PT0QrX9tsoFpZQYhmGKyCOgm6vjFSDo9/s7PR7P9xsbG6pmxaZpaoZhfAOEeIkQkceZTOZd0zRLF2va5QDDMO6/7KTlLr6j6/qnVSsuf9PHXB+UUioYDoe/e5E4Go125vP5n5VSfVwvfrMs6w3TNP9pB8jn83eqJZ2cnKSrq+tKGdLpNHNzc5XLdsMw3gceSFkcfq/GU7fbjcvlIhaLYVlWUwkNwyAYDLK7u8v29na1kKf9/f329sPDQ08tcdja2qKnp4fR0VFisRilUqnR9OL3+zk6OqqVFOD1VCr1llYqlQL1LltdXUXXdbxeb8NqfT4fuq6zvLzcKDSglbW3JgqFAvF4nMHBQZxOZ824oaEhBgYGWFxcpFhsKNVurSz4dXF+fk48Hsfr9dLX99/Bt9vtjI2NsbCwQDqdbmYUbmllaWuI4+Nj1tbWCAQCdHf/q6Q2m43x8XFWVlY4OTlpduhfbW+FIvv7+/T29jIxMUEymQRgeHiYvb09Dg4OWqKbBjxr5UAikUDXdZxOJy6Xi0KhwM7OTqs0/0sDnrSoe2SzWRKJBMlksml+V9DuQBORTW4YSqlNTUSWuHksaQ6HY6tsV24KTy3L+kErG7OHN9jmz03TLGkAlmV9CRy1coHNZrvKn+tXXde/euFATNO0ROQjQDVz+vT0FJ/Px8jICGdnZ60YgQ8unKdUOMv7wN1ravFn4XD4XlXPZVnWjIhch/35NpvNmnV9tVJKIpHIxyJyr5Hhb6ZQEXmQyWTuXnaYdQ397Ozs25qmffE/fNiRUupOOBxebMrQX2B9ff0nj8fzdVtb298i8iZga5anwCeWZb03MzPz45XeThVG333p0Xar4tH2REQ2i8XiUi6X265sazU8B1E/Rl5/HEzFAAAAAElFTkSuQmCC"
  />
</div>
`;
